Aakarshan
Aaliyah
Aaron
Aasia
Aba
Aba
Abbott
Abbra
Abby
Abdel
Abdiel
Abdieso
Abejundio
Abel
Abelard
Abella
Abeni
Abenzio
Abercio
Abey
Abha
Abhay
Abhi
Abhijit
Abhilasha
Abhinav
Abhishek
Abia
Abiba
Abie
Abigail
Abijah
Abina
Abiona
Abira
Abner
Abra
Abraham
Abrasha
Abudemio
Abundiantus
Acacia
Acacio
Acadia
Acanit
Acantha
Acario
Accalia
Accursius
Ace
Acedia
Acelin
Achal
Achazia
Achen
Achilles
Achit
Achlys
Achyuta
Ackley
Acton
Acuzio
Ada
Adah
Adair
Adalardo
Adalgisa
Adalgiso
Adalia
Adalrico
Adam
Adamina
Adara
Addai
Addie
Addison
Addisyn
Addo
Adeben
Adelaide
Adelais
Adelbert
Adelfried
Adelina
Adelino
Adelmo
Adelphos
Ademaro
Ademia
Adena
Adeodatus
Aderes
Adesina
Adhira
Adiana
Adie
Adina
Adiran
Adishree
Aditi
Aditya
Adiva
Adlai
Adler
Adley
Admes
Admon
Adolfina
Adolph
Adon
Adona
Adoncia
Adonia
Adonis
Adony
Adora
Adrastos
Adrian
Adriel
Adrienne
Aeneas
Aeryn
Aetos
Afina
Afra
Africa
Afro
Afton
Agabo
Agape
Agatha
Agatone
Aglaia
Agnes
Agneta
Ahab
Ahava
Ahearn
Ahimsa
Ahmik
Ahren
Ai
Aida
Aidan
Aiesha
Aijah
Aiken
Aiko
Aila
Aileen
Ailen
Ailsa
Aimee
Aimery
Ain
Aina
Aine
Ainhoa
Ainsley
Aintzane
Airlia
Aislinn
Aissa
Aitan
Aithne
Aiyana
Aja
Ajatashatru
Ajay
Ajayi
Ajit
Ajitabh
Akaash
Akaisha
Akako
Akando
Akanke
Akanksha
Akasma
Akela
Akello
Akil
Akilah
Akili
Akilina
Akina
Akira
Akiva
Akriti
Aksana
Akshay
Akshita
Akuti
Alake
Alala
Alan
Alana
Aland
Alankrita
Alaqua
Alaric
Alastair
Alavda
Alazne
Alban
Albert
Alberta
Albinka
Albion
Alcander
Alcina
Alcott
Alda
Aldea
Alden
Alder
Aldercy
Aldous
Aldrich
Alena
Aleron
Aleser
Aleshanee
Alesti
Alethea
Alexander
Alexavia
Alfred
Alger
Algernon
Algren
Ali
Alice
Alida
Alike
Alim
Alima
Alina
Alita
Aliz
Aliza
Alka
Allard
Allayna
Allegra
Alma
Alodie
Alok
Alona
Aloysia
Alpa
Alphonse
Alston
Altair
Althea
Alula
Alumit
Alva
Alvin
Alvita
Alysa
Alyssa
Alzena
Amabel
Amadeus
Amadi
Amadika
Amadis
Amado
Amador
Amaia
Amal
Amana
Amanda
Amandeep
Amandine
Amar
Amara
Amarante
Amaris
Amarus
Amata
Amato
Amaya
Ambar
Amber
Amberjill
Amberley
Ambika
Ambria
Ambrose
Amdis
Ameerah
Amelia
Amena
Ames
Amethyst
Amherst
Ami
Amiel
Amina
Aminta
Amir
Amisha
Amissa
Amistad
Amit
Amita
Amitabh
Amitava
Amitola
Amity
Amoke
Amol
Amon
Amory
Amos
Amrit
Amrita
Amsden
Amul
Amulya
Amy
An
Ana
Anabelle
Anahid
Anais
Anamika
Anan
Anand
Anani
Anant
Anar
Anastasia
Anatole
Anay
Anaya
Ancel
Ancelin
Anderson
Andras
Andraya
Andreana
Andreus
Andrew
Andria
Andromeda
Anemone
Aneya
Anezka
Angada
Angela
Angelo
Angeni
Angevin
Angus
Anieli
Anika
Anil
Anil
Anirudhh
Anisa
Anish
Aniston
Anita
Anja
Anjali
Anjana
Anjuman
Ankareeda
Anke
Anker
Ankit
Ankita
Ankur
Annabeth
Annalynn
Annapurna
Anne
Anniruddha
Annora
Anoki
Anoop
Anoush
Anshu
Anshu
Anshul
Anshuman
Ansley
Anson
Antal
Anteia
Anthea
Anthony
Antje
Antonia
Anu
Anupama
Anuradha
Anusree
Anvita
Aolani
Apara
Aparajita
Aparna
Aphrodite
Apirka
Apolline
Aponi
Apostolos
April
Aquene
Arabelle
Araceli
Aram
Araminta
Arana
Arashel
Araxie
Arcadia
Archer
Archibald
Arda
Ardelia
Arden
Ardere
Ardis
Ardon
Arella
Aren
Ares
Aretha
Aretina
Argus
Ari
Aria
Ariadne
Aricia
Aricin
Ariel
Ariene
Arion
Arista
Aristo
Arjun
Arkin
Arland
Arlene
Arley
Arlo
Armand
Armen
Armina
Armon
Arnisha
Arnold
Arnon
Aroha
Arpiar
Arsen
Arsenio
Artemis
Artemisia
Arthur
Arthus
Arti
Arun
Aruna
Arushi
Arvind
Arwin
Arziki
Asa
Aseem
Asenette
Asenka
Asha
Ashamed
Asher
Ashima
Ashish
Ashley
Ashok
Ashon
Ashrita
Ashton
Ashutosh
Ashwin
Ashwini
Asia
Asija
Asisa
Askini
Asmita
Asparouh
Aspasia
Aspen
Astera
Astin
Astley
Astra
Astrid
Asuman
Asvathama
Asvin
Asztrik
Atara
Athalia
Athan
Atharvan
Athena
Atherol
Athol
Atifa
Atilla
Atmaja
Atmajyoti
Atman
Atrayl
Atrus
Attis
Atul
Atulya
Aubrey
Auburn
Audlin
Audora
Audrey
Audric
Audun
Augustus
Aundy
Aure
Aurek
Aurelia
Aurelio
Aurkene
Aurora
Ausiana
Autumn
Ava
Avalon
Avani
Avanti
Avantika
Avasa
Avena
Aveolela
Averill
Avery
Avinash
Aviva
Axel
Axelia
Ayala
Ayame
Ayasha
Ayelin
Ayiana
Ayita
Ayla
Ayme
Ayse
Ayseg&uuml;l
Ayush
Ayushi
Ayushmati
Azadeh
Azalea
Azalia
Aziza
Azland
Azrael
Azura
B&uuml;lent
Baako
Babette
Babul
Bacia
Bae
Bageshwari
Bahar
Bailey
Baingana
Baird
Bairn
Baji
Bajnok
Baka
Bakari
Bakarne
Baker
Balavan
Balbina
Balbo
Balder
Baldwin
Bale
Bali
Balint
Ballard
Balram
Balthazar
Bambi
Banan
Bancroft
Bandele
Bane
Bankim
Banning
Bansari
Bansi
Bara
Barabas
Barak
Barakah
Baran
Barbara
Barber
Barclay
Barden
Bardo
Bardon
Barend
Bari
Barika
Barna
Barnabas
Barnett
Baron
Barrett
Barretta
Barry
Bars
Barse
Bartholomew
Barton
Baruch
Basha
Basil
Basimah
Bastiaan
Bates
Bathsheba
Baul
Bavol
Baxter
Bay
Bayanai
Bayard
Bayo
Bazyli
Beacan
Beacher
Beaman
Beardsley
Beata
Beatrice
Beau
Beaumont
Bebe
Beccalynn
Becse
Bede
Bedelia
Bel
Bela
Beldon
Belen
Belicia
Belinda
Belladonna
Bellamy
Bellanca
Belle
Bem
Bemus
Bence
Benedict
Benita
Benito
Benjamin
Benquasha
Benson
Bentley
Berang&egrave;r
Berenger
Bergen
Beriszl
Berit
Berk
Berkeley
Bernadette
Bernard
Bernice
Bersh
Berta
Berthold
Bertram
Beryl
Besnik
Beta
Beth
Bethany
Bethshaya
Beulah
Beval
Beverly
Bevin
Beyers
Bhagini
Bhagirath
Bharat
Bharati
Bhaskar
Bhavesh
Bhavin
Bhavya
Bhayana
Bhim
Bhishma
Bhoomi
Bhrigu
Bhudev
Bhupen
Bhupendra
Bhuvan
Bialy
Bian
Bianca
Bijal
Bilal
Bina
Bindiya
Bingham
Binty
Birch
Birget
Birkita
Bishop
Bitalo
Bjorn
Blade
Blaine
Blair
Blaise
Blake
Blanda
Blaz
Blinn
Bliss
Blossom
Bluma
Bly
Blythe
Bo
Bo-Bae
Boa
Bob
Bod
Boden
Bodor
Bogart
Bogdan
Bohdana
Bolton
Bona
Bonamy
Bond
Bonnie
Booker
Boone
Booth
Borden
Borgny
Boris
Boswell
Botan
Botond
Bowen
Bowman
Boyce
Boyd
Boyden
Bracha
Bradford
Bradley
Brahnan
Bram
Bramwell
Branch
Brand
Brandeis
Brandi
Brandon
Brandy
Branka
Branko
Brant
Braxton
Bray
Brayden
Braz
Brazil
Bree
Brencis
Brenda
Brendan
Brenna
Brennan
Brent
Brett
Bretta
Brewster
Briac
Brian
Briana
Briand
Brice
Bridget
Brie
Brier
Brietta
Brigham
Brighton
Brij
Brijesh
Brilynn
Brina
Brinley
Briony
Brishen
Bristol
Brites
Britt
Brittany
Brock
Broderick
Brodny
Brody
Brom
Bromley
Bronson
Bront&euml;
Bronwyn
Brook
Brown
Bruce
Brunhilde
Brutus
Bryce
Bryn
Brysen
Buckley
Bud
Buffy
Bunny
Burdette
Burgess
Burhan
Burian
Burke
Burle
Burne
Burr
Burt
Burton
Byron
Cable
Cade
Cadence
Cadeo
Cadrian
Caedmon
Caelyn
Cai
Cailan
Cailey
Caimile
Cain
Caitlin
Caius
Cajan
Cala
Calandra
Calantha
Calder
Caldwell
Caleb
Caledonia
Calendre
Caley
Calhoun
Calida
Calista
Calisto
Calixto
Callan
Callia
Callidora
Calliope
Callis
Caltha
Calvin
Calypso
Cam
Camden
Camelai
Cameron
Camille
Camlin
Campbell
Canace
Candace
Candan
Candida
Candra
Cannon
Cantara
Canute
Caoimhe
Capers
Capri
Caprice
Cara
Caradoc
Carajean
Carden
Carel
Caresse
Carew
Carey
Carha
Cari
Carina
Carine
Carl
Carla
Carleigh
Carlen
Carleton
Carlin
Carling
Carly
Carlyle
Carmen
Carna
Carnelian
Caroline
Caron
Carr
Carrick
Carrigan
Carrington
Carson
Carter
Carver
Cary
Cascadia
Case
Casey
Casilda
Casper
Cassandra
Cassia
Cassidy
Cassiel
Cassius
Casta
Castalia
Castel
Catava
Catherine
Cato
Caton
Cauvery
Cavan
Cayden
Cayleigh
Ceasar
Ceasar
Cecania
Cecia
Cecilia
Cedric
Celandia
Celeste
Celine
Cemal
Cengis
Cerdwin
Cerelia
Chad
Chaika
Chaim
Chaitaly
Chaitra
Chal
Chale
Chalmers
Chaman
Chanah
Chancellor
Chandani
Chander
Chandi
Chandler
Chandra
Chane
Chanel
Chaney
Channing
Chantal
Chapal
Chapin
Chapman
Charan
Charis
Charisma
Charissa
Charity
Charles
Charlotte
Charmian
Charu
Chase
Chastity
Chata
Chauncey
Chay
Chaya
Chaylen
Chayton
Chelsea
Chen
Cheney
Chenoa
Cherise
Cheryl
Chesna
Chester
Chetan
Chevalier
Cheyenne
Chhavvi
Chhaya
Chiamaka
Chiara
Chika
Chike
Chilali
Chilton
Chimalis
Chin
Chinmay
Chintu
Chipo
Chiranjeev
Chitra
Chitrangda
Chloe
Chloris
Cho
Chrirag
Christabel
Christian
Christina
Christopher
Christos
Chruse
Chyou
Ciannait
Ciar
Ciceron
Ciel
Circe
Cirea
Ciro
Claiborne
Claire
Clancy
Clarence
Clark
Claude
Clay
Clement
Clementine
Cleveland
Cliantha
Clifford
Clinton
Clio
Clovis
Clyde
Coalan
Cochiti
Cody
Colby
Cole
Coleman
Colette
Colin
Colleen
Colon
Coltin
Colton
Columbia
Coman
Comfort
Concepcion
Condon
Conncetta
Conner
Conrad
Constance
Constantine
Consuelo
Conway
Cooper
Cora
Coral
Corazon
Corban
Corbin
Corcoran
Cordelia
Cordell
Corey
Corin
Corinda
Corliss
Cornelia
Cornelius
Cort
Cosmo
Coty
Courtland
Courtney
Craig
Creighton
Crescent
Cressida
Crispin
Crosby
Crubellelasheentaii
Crystal
Csaba
Cseke
Csenger
Csepel
Csombor
Csongor
Ctirad
Cullen
Curissa
Curran
Currier
Curtis
Cuyler
Cybele
Cynara
Cynric
Cynthia
Cyprien
Cyrano
Cyrene
Cyric
Cyril
Cyrilla
Cyrus
Cytheria
Cyzarine
Daba
Dabria
Dacey
Dacia
Dacio
Dade
Dae
Dag
Dagan
Dagmar
Dagna
Dagny
Dagobert
Dahana
Dai
Daisy
Dakarai
Dakin
Dakota
Daksha
Dakshesh
Dale
Daley
Dalia
Dalila
Dallas
Dallin
Dalton
Daly
Damalis
Damara
Damaris
Dame
Damek
Damen
Damian
Damini
Damon
Dana
Dane
Danica
Daniel
Daniela
Danior
Dannell
Dante
Daphne
Dara
Daralis
Daray
Darby
Darcy
Daren
Daria
Darinka
Darius
Darlene
Darnell
Darra
Darrel
Darren
Darshan
Dartagnan
Darthmouth
Daruka
Darwin
Dasha
Dattatreya
Davan
David
Davin
Davine
Davis
Dawn
Daya
Dayla
Dayton
Deacon
Dean
Deanna
Deborah
Decker
Decla
Declan
Deena
Deepak
Deepali
Deepika
Deepti
Deianira
Deiene
Deion
Deja
Delaney
Delanna
Delano
Delbert
Delbin
Deli
Delia
Delicia
Delilah
Della
Delmore
Delphine
Delsin
Deman
Dembe
Demelza
Demetrius
Demi
Dempe
Dempsey
Dempster
Dena
Denes
Denholm
Denise
Dennis
Denton
Denver
Deo
Dep
Derek
Dermot
Derry
Desdemona
Desiderio
Desiree
Desmond
Despina
Desta
Destinee
Destry
Deva
Devaki
Devang
Devante
Devarsi
Deverell
Devesh
Devi
Devin
Devitri
Devlin
Devnet
Devon
Devrity
Dewey
Dewitt
Dexter
Dhananjay
Dharma
Dharmavira
Dharmendra
Dharmesh
Dharmista
Dharuna
Dhatri
Dhaval
Dhruv
Diamanta
Diana
Dianthe
Diarria
Dickinson
Diederik
Diego
Diella
Dierdre
Dieter
Dietlinde
Dieuwertje
Digby
Dikranouhi
Dilek
Dilip
Dillian
Dillon
Dilys
Dinah
Dinesh
Dinkar
Dionne
Dirran
Disa
Dita
Divya
Divyesh
Dixie
Djavan
Dobry
Doe
Dolores
Dominga
Dominic
Domokos
Donald
Donata
Donatien
Doneen
Donna
Donnelly
Donovan
Dooley
Dooriya
Dora
Doreen
Doria
Dorian
Dorinda
Doris
Doron
Dorota
Dorothy
Dorset
Dory
Douglas
Dov
Dover
Doyle
Drake
Dreama
Drew
Drina
Drisana
Dristi
Druti
Duane
Dudley
Duff
Dugan
Duglas
Duke
Dulcinea
Duncan
Dunn
Dunstan
Durand
Duranjaya
Durga
Durjaya
Durmada
Durriken
Durward
Dusan
Dustin
Dutch
Dvimidha
Dwennon
Dwight
Dyami
Dyani
Dylan
Dymas
Dymphna
Dyna
Dysis
Dysthe
Eamon
Earl
Eartha
Easter
Eaton
Eban
Ebba
Ebere
Eberhard
Ebony
Echo
Edan
Edana
Edda
Eden
Edgardo
Edison
Edith
Edlyn
Edmond
Edna
Edolie
Edria
Edsel
Edward
Edwin
Edwina
Effie
Efia
Efrosini
Efterpi
Egan
Egbert
Egerton
Egil
Egmont
Egyed
Eilis
Einar
Eirene
Eisig
Ekachakra
Eknath
Ekta
Elaine
Elden
Eldon
Eldridge
Eldwin
Eleanor
Electra
Elek
Elena
Eleni
Eleora
Elexus
Elgan
Eli
Elijah
Elina
Eliot
Elisa
Elisabeth
Elisha
Eliska
Elissa
Elita
Elkan
Ella
Elle
Ellen
Ellery
Elmar
Elmira
Elmo
Elodie
Eloise
Elpis
Else
Elton
Elu
Elvan
Elvin
Elvina
Elvira
Elvis
Elysia
Ema
Emalia
Emanuel
Emanuela
Ember
Emerald
Emerson
Emery
Emil
Emilio
Emily
Emir
Emlyn
Emma
Emmett
Emmuna
Emrick
Ena
Endora
Enid
Enola
Enrique
Enya
Enye
Ephraim
Eranthe
Erasma
Erek
Erianthe
Eric
Erika
Erin
Erlina
Ernest
Ernestine
Erskine
Eryx
Erzsebet
Eskarne
Esme
Esmond
Esperanza
Essien
Esta
Esteban
Estelle
Estes
Etain
Etania
Ethan
Ethel
Etienne
Etsu
Eudocia
Eudor
Eugene
Eugenia
Eulalia
Eunice
Euphrosyne
Euridice
Eustace
Eustacia
Eva
Evadine
Evadne
Evan
Evander
Evangelia
Evangeline
Evanthe
Evelina
Evelyn
Evzen
Ewan
Ewing
Eyan
Eyota
Ezekiel
Ezio
Ezra
Fabian
Fabiana
Faiga
Faina
Fainche
Fairfax
Fairlee
Fairuza
Faith
Faizah
Fala
Falgun
Falguni
Fallon
Fantasia
Fantine
Faraji
Farfalla
Fariel
Fariishta
Farkas
Farley
Farrah
Farrar
Farrell
Fascienne
Fatima
Fatin
Fawne
Faxon
Faye
Fayina
Fayme
Fear
Februus
Felcia
Felicia
Felicite
Felix
Femi
Fennella
Fenton
Ferdinand
Ferenc
Fergus
Ferguson
Fern
Feronia
Ferran
Ferris
Ffionn
Fidel
Fielding
Findabhair
Finlay
Finn
Finvarra
Fiona
Fionavar
Fionn
Fiorenza
Firaki
Fisk
Fitz
Fjodor
Flannery
Flavia
Fleming
Fleta
Fletcher
Floke
Florence
Florian
Flos
Floy
Floyd
Flynn
Fodor
Fola
Folkus
Fonda
Forbes
Ford
Forest
Forrester
Foster
Frances
Francis
Franklin
Fraser
Frederick
Frederika
Free
Fremont
Freya
Frieda
Frigyes
Fruma
Fuensanta
Fujita
Fuller
Fulton
Fuscienne
G&uuml;lay
Gabai
Gabriel
Gabrielle
Gadil
Gaea
Gafna
Gagan
Gage
Gail
Gainell
Gaines
Gajendra
Gala
Galatea
Gale
Galen
Galeno
Gali
Galina
Galip
Gallagher
Galloway
Galvin
Galya
Gamal
Gaman
Gamba
Gamble
Gana
Ganesa
Ganesh
Gannon
Gara
Gardiner
Gareth
Garett
Garfield
Gargi
Garin
Garland
Garner
Garnet
Garrick
Garridan
Gary
Garyson
Gaspar
Gaurav
Gauri
Gauri
Gautam
Gavin
Gavrie
Gawain
Gay
Gayatri
Gaylord
Gaynor
Gedeon
Geert
Geet
Geir
Gelasia
Gelsey
Gemma
Genesis
Geneva
Genevieve
Genji
Geoffrey
George
Georgia
Gerad
Gerald
Geraldine
Gerard
Gerda
Gerik
Germain
Gertrude
Gerzson
Geva
Ghislaine
Giacinta
Gianina
Gideon
Gil
Gilana
Gilda
Gilen
Gillian
Gin
Gina
Ginger
Ginton
Girija
Girish
Giselle
Gita
Gitana
Gitanjali
Githa
Gitika
Givon
Gizane
Gizem
Gleda
Glenn
Glenna
Gloria
Glynis
Goldie
Gopal
Gordana
Gordon
Gotzone
Grace
Grady
Graeae
Graham
Gram
Granger
Grania
Grant
Granville
Grayson
Grear
Greg
Greger
Gregory
Gresham
Gretchen
Grette
Griffith
Guddu
Guinevere
Gul
Gulab
Gunnar
Gunther
Gurkan
Guy
Gwendolyn
Gwenhyvar
Gwyneth
Gypsy
Gytha
Gyula
Ha-Neul
Habib
Habika
Hackett
Hadar
Hadara
Hadassa
Hadden
Hadi
Hadiya
Hadley
Hadley
Hadrian
Hagan
Hahn
Haidee
Haifa
Haile
Haimi
Haines
Haja
Hakan
Halden
Haldis
Hale
Haleigha
Haley
Hali
Halian
Halil
Halima
Hallie
Halona
Halsey
Halton
Hamal
Hamilton
Hamlin
Hana
Hanan
Hank
Hannah
Hanne
Harden
Hardik
Hardy
Haresh
Harika
Harish
Harith
Harlan
Harman
Harmony
Harold
Harper
Harriet
Harrison
Harsh
Harsha
Harshita
Hart
Hartley
Haru
Harva
Harvey
Hasna
Hassan
Hastin
Hastings
Hava
Haya
Hayden
Hayes
Haylee
Hazel
Hea
Heather
Heba
Hector
Hedda
Hedia
Hedva
Heidi
Helaku
Helen
Helga
Heli
Helki
Heller
Helmuth
Hem
Hema
Hemal
Hemang
Hemangi
Hemangini
Hemant
Hemendra
Hemlata
Heng
Henka
Henning
Henrietta
Henry
Herbert
Herman
Hermelinda
Herminia
Hermione
Herschell
Hesper
Hester
Hetal (Hetul)
Hilary
Hilda
Hilton
Hina
Hinda
Hiroshi
Hisa
Hiten
Hitendra
Hitesh
Holden
Holly
Holt
Homer
Honey
Honna
Honora
Hont
Hope
Horace
Horst
Hoshi
Houston
Howard
Hridayesh
Hrishikesh
Huba
Hubert
Hue
Hugh
Hunor
Hunter
Huntley
Hussein
Huyana
Hyacinth
Hye
Hypatia
Iaap
Iago
Iain
Ianthe
Ibeamaka
Ibrahim
Ida
Ideh
Idola
Idonia
Ignacio
Igor
Ila
Ilana
Ilaria
Ildiko
Ilhan
Ilias
Ilisapesi
Ilona
Iman
Imogene
Imre
Ina
Inayat
Ince
Indaliai
India
Indira
Indra
Indrina
Indu
Ines
Inga
Ingmar
Ingo
Ingolf
Ingram
Ingrid
Io
Iolana
Iolanthe
Iona
Ira
Iratze
Iravan
Irem
Irene
Irina
Iris
Irma
Irmgard
Irvin
Irving
Isaac
Isaac
Isabel
Isadora
Isaiah
Isaura
Isha
Ishana
Ishita
Ishver
Isidro
Isis
Isleta
Isoke
Isolde
Israel
Israt
Istas
Iti
Itzak
Itzel
Itziamar
Iva
Ivana
Ivar
Ivy
Ixchel
Jabari
Jabir
Jacinda
Jacinthe
Jackson
Jacob
Jacqueline
Jacy
Jada
Jade
Jaedon
Jael
Jaen
Jafar
Jagger
Jagrati
Jahnavi
Jaidev
Jaimica
Jaimie
Jaina
Jaione
Jakinda
Jal
Jala
Jaleel
Jalen
Jamal
Jamari
Jamee
James
Jamilah
Jamison
Jan
Jana
Janak
Janardan
Jane
Janisa
Janna
Japera
Jardena
Jared
Jarek
Jarel
Jarlath
Jarman
Jaron
Jaroslav
Jarrah
Jarvia
Jarvinia
Jarvis
Jaryn
Jasmine
Jason
Jason
Jasper
Jasper
Jatin
Jaunie
Javan
Javier
Jay
Jaya
Jayani
Jayant
Jayne
Jaysukh
Jaythen
Jayvyn
Jazlyn
Jean
Jed
Jedidiah
Jedrek
Jeevan
Jefferson
Jeffrey
Jehan
Jelani
Jelena
Jemima
Jenara
Jenay
Jendayi
Jendyose
Jenell
Jenica
Jenkins
Jennifer
Jeno
Jensen
Jensine
Jeremiah
Jeremy
Jeri
Jerod
Jerolin
Jerome
Jerrica
Jerzy
Jesal
Jesse
Jessica
Jesus
Jetmir
Jewel
Jezebel
Jezreel
Jibril
Jiera
Jiger
Jigisha
Jihan
Jilesh
Jillian
Jimuta
Jin
Jin
Jina
Jinesh
Jinx
Jiro
Jiten
Jitendra
Jivana
Jivin
Joakim
Joakima
Joanne
Jobey
Jobina
Jocelyn
Jocosa
Jody
Joel
Joelle
Joelliane
Joesa
Johann
John
Jolan
Jolene
Jolie
Jolon
Jonah
Jonathan
Jonesy
Jonina
Joo-Chan
Joo-Eun
Jora
Jordan
Jordane
Jorgen
Joseph
Josephine
Joshua
Josiah
Jove
Joy
Joyce
Juana
Judd
Jude
Judith
Juhi
Julia
Julian
Julinka
Juma
Jumoke
Jun
June
Jung
Junior
Justin
Justine
Justus
Jyoti
Jyotsna
Kaatje
Kabir
Kabos
Kachine
Kada
Kadija
Kadin
Kadisha
Kadosa
Kaede
Kaelyn
Kaethe
Kahn
Kahoku
Kai
Kaia
Kaie
Kaikara
Kailash
Kaili
Kaimi
Kairos
Kaitlyn
Kaiya
Kajal
Kajol
Kajsa
Kakra
Kala
Kalama
Kalanit
Kalare
Kalb
Kale
Kalea
Kaleo
Kali
Kalidas
Kalie
Kalika
Kalil
Kalila
Kalinda
Kaliska
Kalkin
Kalman
Kalonice
Kalpana
Kalpanath
Kama
Kamadev
Kamakshi
Kamal
Kamala
Kamali
Kamaria
Kambo
Kamea
Kameko
Kamil
Kamilah
Kamilia
Kamlesh
Kamna
Kamryn
Kanak
Kanan
Kanaye
Kanchana
Kane
Kanene
Kaniel
Kanika
Kaniya
Kantha
Kanushi
Kaori
Kapera
Kapil
Kaplony
Kapolcs
Kara
Kardal
Kardos
Kari
Karida
Karimah
Karishma
Karissa
Karka
Karli
Karsa
Karsten
Kartal
Kartik
Kartikeya
Karyan
Kasa
Kasch
Kasen
Kasimir
Kasinda
Kasmira
Kaspar
Kateb
Katherine
Kathleen
Katyayani
Kaula
Kaushal
Kaushik
Kaveri
Kavi
Kavindra
Kavita
Kay
Kaya
Kayin
Kayla
Kayley
Kazanna
Kazia
Keandra
Keane
Keara
Kearney
Keary
Keaton
Kedar
Keefe
Keegan
Keeland
Keelin
Keely
Keenan
Kefira
Kegan
Kehinde
Kei
Keiko
Keilana
Keilantra
Keir
Keisha
Keith
Kekona
Kelby
Kelda
Keled
Keleman
Kell
Kellan
Kellen
Kelly
Kelsey
Kelvin
Kemenes
Kemp
Kenan
Kendall
Kende
Kendr&eague;
Kendra
Kendrick
Kenelm
Kenley
Kenn
Kennard
Kennedy
Kenneth
Kennis
Kenrich
Kensington
Kent
Kenton
Kenyangi
Kenyatta
Kenyon
Keon
Keona
Kepa
Ker
Kerani
Kerecsen
Kerensa
Kermit
Kern
Kerr
Kerry
Kers
Kersen
Kerstin
Kerzi
Kesare
Keshav
Kesi
Kesia
Kessie
Kester
Ketaki
Ketan
Ketika
Keturah
Ketzia
Keve
Kevin
Keyon
Kezia
Khairi
Khalid
Khalidah
Khorshed
Khortdad
Khoury
Kiah
Kiana
Kichi
Kiefer
Kiele
Kiera
Kieran
Kiki
Kiley
Killian
Kim
Kimatra
Kimberley
Kin
Kineta
King
Kinga
Kinnel
Kinsey
Kintan
Kiona
Kipling
Kipp
Kira
Kiran
Kirby
Kirima
Kirit
Kirk
Kirsten
Kirti
Kirti
Kisa
Kisho
Kishore
Kiska
Kismet
Kita
Kitu
Kiyoshi
Kizza
Klavdia
Klea
Knox
Knut
Kohana
Koko
Kolina
Kolos
Komal
Kont
Kontar
Koren
Korvin
Kovan
Kozma
Kripa
Krischnan
Kristen
Kriti
Krunal
Krupa
Krupali
Kshama
Kuhuk
Kuldeep
Kulvir
Kumud
Kunal
Kund
Kunti
Kusagra
Kush
Kushan
Kusum
Kyla
Kyle
Kyler
Kylie
Kyna
Kynthia
Kyoko
Kyra
L&aacute;szl&oacute;
L&eacute;l
L&otilde;rinc
Label
Laborc
Lacy
Ladd
Ladislav
Ladom&eacute;r
Lae
Laertes
Lailie
Lainey
Laird
Laith
Lakeisha
Lakota
Lakshman
Lakshya
Lala
Lalaine
Lalasa
Lalima
Lalit
Lalita
Lalita
Lalo
Lam
Laman
Lamar
Lamberto
Lamont
Lan
Lana
Lance
Lander
Landon
Lane
Lanette
Lang
Lani
Lanikai
Lantos
Laoghaire
Laquetta
Lara
Laraine
Lari
Laria
Larissa
Lark
Lata
Lateefah
Latimer
Latonia
Latrice
Laura
Laurinda
Lavani
Laveda
Laverne
Lavinia
Lawler
Lawrence
Lawson
Laxmi
Layna
Lazarus
Leah
Leala
Leander
Leandra
Lear
Leauna
Leba
Ledah
Lee
Lehel
Leif
Leigh
Leiko
Leila
Leilani
Leith
Leland
Lemuel
Len
Lena
Lene
Lennon
Lennox
Lensar
Leola
Leonard
Leonidas
Leopold
Leopolda
Leron
Leroy
Lesh
Leshem
Leslie
Lesta
Lester
Letha
Letitia
Levana
Levent
Levente
Levi
Lexine
Leyna
Li
Lia
Liadan
Liam
Lian
Liana
Liani
Liannaka
Liberty
Lien
Liese
Lila
Lilith
Lily
Limber
Lina
Lincoln
Lind
Linda
Lindsay
Linette
Linh
Linne
Linnea
Linus
Linwood
Lionel
Liora
Lip&oacute;t
Lisa
Litsa
Litton
Liv
Livana
Llewellyn
Lloyd
Locke
Logan
Lokelani
Lokesh
Lola
Lolaksi
Lomar
Lon
London
Lonikie
Lor&aacute;nd
Lore
Lorelei
Lorinda
Lorna
Lorne
Lorraine
Lotus
Louis
Louise
Love
Lucinda
Lucine
Lucretia
Lucy
Luella
Lujuana
Lukas
Luke
Lukina
Luna
Lunt
Lupe
Luther
Lydia
Lykaios
Lyle
Lyman
Lyndon
Lynn
Lyra
Lyre
Lyris
Lysander
Lysandra
M&oacute;r
Maarten
Mab
Mabel
Mablevi
Mac
Macaria
Mace
Machi
Machiko
Mackenzie
Macon
Macy
Madan
Maddock
Madeira
Madeline
Madhav
Madhavi
Madhu
Madhul
Madhulika
Madhur
Madhuri
Madhusudhana
Madison
Madra
Maeve
Magan
Magara
Magda
Magena
Magna
Magne
Magnolia
Magnus
Mahabala
Mahala
Mahalia
Mahavira
Mahesh
Mahima
Mahita
Mai
Maia
Maida
Maiko
Maine
Maisie
Maitane
Maitland
Maitreya
Maitryi
Maizah
Maj
Majondra
Major
Makayla
Makepeace
Makiko
Mala
Mala
Malachi
Malati
Malavika
Malaya
Malca
Malcom
Maleah
Mali
Maliha
Malik
Malika
Malila
Malina
Malka
Mallika
Mallory
Mallory
Malu
Malvina
Mamiko
Mamoru
Mamta
Manasi
Manavendra
Manavi
Manco
Manda
Mandara
Mandeep
Mandek
Mander
Mandhatri
Mandisa
Manfred
Mangena
Manhattan
Manik
Manish
Manisha
Manjari
Manju
Manjula
Manjusha
Manjusha
Manley
Manning
Mannix
Manoj
Mansi
Mansukh
Mansur
Manu
Manuel
Manuela
Manushi
Mar&oacute;t
Marcel
Marcella
Marcia
Marcin
Marden
Maren
Margaret
Maria
Mariabella
Mariam
Marianne
Mariasha
Maricel
Maridel
Mariel
Marigold
Marijan
Mariko
Marilee
Marilyn
Marina
Mario
Mariola
Marion
Mariposa
Marisa
Marissa
Marjani
Marjeta
Marjorie
Mark
Markandeya
Marlene
Marliss
Marlon
Marlow
Marmaduke
Marmara
Marna
Marnina
Marny
Marsden
Marshall
Martha
Martin
Martina
Maruti
Marvelle
Marvin
Mary
Masakazu
Masako
Maslin
Mason
Matai
Matana
Matanga
Matangi
Mathea
Mather
Mathilda
Matrika
Maud
Maura
Maureen
Maurice
Mavis
Max
Maxwell
May
Maya
Maya
Mayako
Mayer
Maynard
Mayoko
Mayon
Mayuko
Mayuri
Mead
Meagin
Meara
Meckenzie
Med&aacute;rd
Meda
Medea
Medha
Medilion
Meena
Meenakshi
Meera
Megan
Megara
Megha
Meghana
Megyer
Mehetabel
Mehul
Mei
Meira
Meka
Mekia
Mela
Melanctha
Melancton
Melanie
Melba
Melia
Melik
Melina
Melinda
Melisenda
Melissa
Melody
Melor
Melosa
Melville
Melvin
Mena
Menaka
Mendel
Menyh&eacute;rt
Mercedes
Mercer
Mercy
Meredith
Merit
Merle
Merlin
Merrick
Merrill
Merry
Mersadize
Mert
Mesha
Messina
Meta
Mete
Meyer
Mia
Miakoda
Michael
Michaela
Michi
Michiko
Midori
Migina
Mignon
Mihaly
Mihir
Mihoko
Mika
Miki
Miko
Miksa
Mil&aacute;n
Mildred
Miles
Milind
Millard
Miller
Millicent
Milton
Mily
Min
Mina
Minako
Minda
Mindel
Mine
Minelli
Miner
Minerva
Minesh
Mingmei
Minka
Minna
Minta
Mira
Mirabelle
Miranda
Mirembe
Mireya
Miriam
Miroslav
Misako
Misha
Missy
Misty
Mitali
Mitena
Mitesh
Mitexi
Mitsuko
Miyoko
Miyoko
Mladen
Modestus
Modesty
Mog
Mohan
Mohin
Mohini
Mohit
Moira
Momoko
Mona
Monica
Monroe
Montague
Monte
Montgomery
Moon
Mora
Mordecai
Morgan
Morgance
Morgandy
Morgen
Moria
Moriarty
Morley
Morris
Mortimer
Morton
Morven
Moselle
Moses
Motega
Mridul
Mridula
Mrinalini
Muhammad
Mukasa
Mukta
Mukul
Mukul
Mukunda
Mull
Mumtaz
Murdock
Muriel
Murphy
Murray
Musetta
Mutsuko
Muzaffer
My-Duyen
Mya
Mychau
Myfanwy
Myiesha
Mykala
Myles
Myra
Myrna
Myron
Myrtle
N&aacute;ndor
Nabelung
Nabendu
Nabulung
Nachiketa
Nachmanke
Nadav
Nadezhda
Nadine
Naeem
Nafeeza
Nagihan
Nahoko
Naia
Naida
Nailah
Naimah
Naimish
Naina
Nairne
Nakul
Nalani
Nalini
Nalren
Namazzi
Namdev
Nami
Namiko
Namrata
Nanako
Nancy
Nanda
Nanda
Nandin
Nandini
Nandita
Nanna
Nantale
Nantan
Naoko
Naomi
Napea
Napoleon
Nara
Narayana
Narciso
Narcissa
Narcissus
Narda
Narella
Naresh
Narkeasha
Narmada
Narsi
Nartana
Nash
Nashwa
Nasiche
Nassir
Natalie
Natane
Nataniella
Nathaniel
Natsuko
Navdeep
Naveen
Naveena
Nayan
Nayoko
Naysa
Nazirah
Neal
Neala
Neci
Neda
Nedim
Nediva
Neeharika
Neel
Neelam
Neelja
Neena
Neeraj
Neerja
Neeta
Neha
Nehemiah
Nek
Nelek
Nelleke
Nellie
Nelson
Nemo
Neo
Neola
Neoma
Nerhim
Neria
Nerin
Nerissa
Neroli
Neron
Nesim
Nesip
Nessa
Nestor
Netta
Neva
Nevada
Nevan
Neville
Nevin
Newell
Newlyn
Newman
Neysa
Nhu
Nia
Nicholas
Nicia
Nickita
Nicodemus
Nicole
Nidra
Nigel
Nihar
Niju
Nika
Nike
Nikhil
Nikita
Nikunj
Nilay
Nilg&uuml;n
Nilima
Nilini
Nils
Nimah
Nimai
Nimbus
Nimesh
Nimisha
Nimmi
Nimue
Nina
Nino
Niobe
Nira
Nira
Niradhara
Niraj
Niral
Niramitra
Niranjan
Nirav
Nirel
Nirguna
Nirvana
Nirvelli
Nisha
Nishad
Nishan
Nishtha
Nisi
Nissa
Nita
Nita
Nitara
Nitesh
Niti
Nitika
Nitu
Nitya
Nitya-Sundara
Nitzana
Nivedita
Niverta
Nixie
Niyati
Noadiah
Noah
Noble
Nodin
Noe
Noel
Noelani
Noella
Noi
Nolan
Nona
Nora
Norbert
Norberta
Nordica
Nori
Noriko
Noriko
Norma
Norman
North
Nova
Novyanna
Noya
Nozomi
Nuray
Nurhan
Nuri
Ny&eacute;k
Nydia
Nye
Nyle
Nyx
Oakes
Oakley
Oanez
Obadiah
Obelia
Obelix
Obiajulu
Ochen
Octavia
Octavius
Od&ouml;n
Oda
Oddvar
Odea
Odelia
Odell
Odera
Odessa
Odetta
Odette
Odil
Odin
Odion
Odon
Odysseus
Ogden
Ogilvy
Oguz
Ohanna
Okan
Okelani
Oksana
Olaf
Olathe
Olayinka
Olcay
Oldrich
Oleg
Oleos
Olesia
Olga
Oliana
Olier
Olin
Olinda
Olive
Oliver
Olympia
Omar
Omarjeet
Omega
Ompoly
Ona
Ond
Onenn
Onida
Onur
Oona
Opal
Ophelia
Ophira
Oralia
Oran
Orane
Orb&aacute;n
Orelious
Oren
Orenda
Oriana
Orianna
Oriel
Orinda
Oriole
Orion
Ork&eacute;ny
Orla
Orlanda
Orlando
Orlantha
Orman
Ormos
Orrin
Ors
Orson
Ortensia
Orville
Osaze
Osbert
Osborne
Oscar
Osmond
Ossian
Oswald
Oswin
Oszl&aacute;r
Otis
Ove
Ovid
Owen
Oxford
Oz
Ozan
Ozaner
Ozor
Ozs&eacute;b
Ozsv&aacute;t
P&aacute;zm&aacute;n
Packard
Paco
Padma
Padmakar
Padmini
Page
Paki
Pakuna
Pallav
Pallavi
Palma
Palmer
Paloma
Palomi
Palti
Pamee
Pamela
Pancrazio
Pandita
Pandora
Pandya
Pankaj
Pankhudi
Pankita
Panos
Pansy
Panthea
Pantxike
Panya
Panyin
Papillon
Parag
Paramartha
Paras
Paris
Parisa
Parker
Parlan
Parnika
Parnita
Parr
Parry
Parth
Partha
Parthivi
Parul
Parvani
Parvati
Parveen
Pascal
Pascale
Patamon
Patern
Patia
Patience
Patony
Patricia
Patrick
Paul
Paula
Paulomi
Pauravi
Pavi
Paxton
Payal
Payton
Pazia
Peace
Pearl
Pebbles
Peder
Pegeen
Pelagia
Pelin
Pell
Pellegrin
Pemba
Pembroke
Penda
Penelope
Peni
Penina
Penley
Penn
Penrod
Pentele
Penthea
Peony
Pepin
Pepper
Percival
Perdita
Peregrine
Peril
Perouze
Perri
Perry
Persephone
Perth
Petara
Peter
Petra
Petula
Petunia
Phedra
Phelan
Philadelphia
Philana
Philip
Philippa
Philomena
Phineas
Phoebe
Phoena
Phoenix
Phoolan
Phuoc
Phuong
Phutika
Phyllis
Pia
Picerious
Pierce
Pierson
Pilan
Pilar
Piper
Piusz
Pivari
Pixie
Piyali
Piyush
Placida
Placido
Platon
Poloma
Polona
Pongor
Pooja
Poonam
Poppy
Porter
Portia
Powell
Prabha
Prabhakar
Prabhati
Prabodh
Prachi
Pradeep
Pradeepta
Praful
Pragati
Pragya
Prama
Pramada
Pramath
Pramsu
Pranati
Pranav
Pranay
Prapti
Prasanth
Prasata
Prasert
Prashant
Prashanti
Prasoon
Prassana
Pratap
Pratik
Pratiksha
Pratima
Pratyush
Praveen
Prayag
Preeti
Preetish
Preita
Prem
Prema
Premila
Prentice
Prerana
Preston
Prewitt
Preyasi
Price
Prima
Primel
Primo
Priscilla
Prisha
Prita
Prithu
Priti
Pritika
Privrata
Priya
Priyanka
Prudence
Prunella
Pryor
Psyche
Ptolema
Ptolemy
Pulkit
Pulkita
Pundari
Pundarik
Punita
Puranjay
Purujit
Purva
Purvaja
Purvi
Purvis
Pusan
Puskara
Pusti
Putnam
Pyrena
Pythia
Qamra
Quasim
Queena
Quella
Quenby
Quennel
Quentin
Quillan
Quinby
Quincy
Quinlan
Quinn
Quintessa
Quintina
Quirita
Quiterie
Quorra
R&eacent;va
R&oacute;kus
Rachel
Rachna
Radcliff
Radella
Radha
Radhika
Radinka
Radman
Radom&eacute;r
Rae
Raeburn
Raeka
Raelin
Ragin
Ragini
Ragnar
Ragnhild
Rahab
Rahul
Rai
Raidon
Raimy
Rain
Rainier
Raissa
Raivata
Raizel
Raj
Rajan
Rajani
Rajanikant
Rajendra
Rajesh
Rajiv
Rajiv
Rajni
Rakesh
Rakhi
Raksha
Raleigh
Ralph
Ram
Raman
Ramanuja
Ramesh
Ramesh
Ramiro
Ramla
Ramona
Ramsey
Ramya
Rance
Randolph
Rane
Ranen
Ranger
Rani
Ranjan
Ranjana
Ranjeet
Ranjita
Ransford
Ransley
Ransom
Rantidev
Raphael
Raphaella
Rashid
Rashida
Rashne
Rasika
Rasine
Rasna
Rati
Ratri
Raven
Ravi
Ravi
Ravid
Ravindra
Ravinger
Rawlins
Rawnie
Ray
Rayburn
Rayelle
Raylene
Rayma
Raymond
Rayna
Raynard
Razi
Raziya
Read
Rebecca
Redford
Redmond
Reece
Reena
Reese
Reeve
Reg&otilde;
Regan
Regina
Reginald
Regis
Rehan
Rei
Reidun
Reiko
Rekha
Reman
Remington
Remus
Remy
Ren
Rena
Renard
Renata
Rendor
Renee
Renee
Renfrew
Renita
Renny
Renuka
Reshma
Reuben
Reuel
Revati
Revelation
Rex
Rezs&otilde;
Rhea
Rhiamon
Rhiannon
Rhoda
Rhodanthe
Rhodes
Rhonda
Rhoswen
Ria
Riane
Riannon
Richard
Richelle
Rickena
Rico
Riddhi
Rider
Ridgley
Ridley
Rieko
Rigby
Rihana
Rikako
Rikin
Riley
Rima
Rimon
Rina
Rinako
Ring
Ringo
Rini
Riordan
Ripley
Risa
Risako
Rishab
Rishbha
Rishi
Rishley
Rishon
Rishona
Rita
Ritchell
Ritsuko
Ritter
Ritu
Riva
Rivers
Rizal
Rizpah
Roald
Roarke
Robert
Roberta
Robi
Robin
Rocco
Rochelle
Rochester
Roderica
Roderick
Rodman
Rodney
Rogan
Rogelio
Roger
Rohana
Rohini
Rohit
Roland
Roldan
Romana
Romeo
Rona
Ronak
Ronald
Ronalda
Ronan
Roni
Ronin
Rooney
Roosevelt
Rory
Rosalind
Rosanne
Roscoe
Rose
Roselani
Roshan
Roshni
Roslin
Ross
Roth
Rowan
Rowena
Roxanne
Roy
Royce
Ruben
Ruby
Ruchi
Ruchika
Ruchir
Ruchira
Rudd
Rudolph
Rudrani
Rudyard
Rue
Rufus
Ruhinda
Rukmini
Rumer
Rumiko
Runa
Runako
Rupa
Rupal
Rupali
Rupesh
Rush
Russel
Ruth
Rutherford
Ryan
Ryba
Ryesen
Rylan
Ryoichi
Ryoko
Ryozo
Ryuichi
Ryuji
S&oacute;lyom
S&oslash;lve
Saba
Sabiha
Sabina
Sabirah
Sabola
Sabra
Sabrina
Sacha
Sachchit
Sachi
Sachiel
Sachiko
Sachin
Sadb
Sade
Sadhana
Sadi
Sadira
Sadurni
Saeko
Safak
Saffi
Safiya
Sagar
Sagara
Sagiv
Sahadev
Sahale
Sahana
Sahara
Saheli
Sahen
Sahib
Sahiba
Sahila
Saida
Saidah
Sajili
Sajni
Sakari
Sakiko
Sakinah
Sakti
Sakuko
Sakura
Sakurako
Salal
Salihah
Salim
Salimah
Salina
Sally
Salman
Saloma
Saloman
Saloni
Salvador
Salwa
Sam
Samantha
Samara
Samicah
Samien
Samiksha
Samir
Samirah
Samma
Sammon
Sampath
Sampriti
Samson
Samta
Samudra
Samuel
Samuela
Samularia
Samye
Sanako
Sanat
Sanchay
Sancia
Sandeep
Sanders
Sandia
Sandler
Sandon
Sandor
Sandrine
Sandy
Sandya
Sanford
Sangita
Sanjay
Sanjeev
Sanjna
Sanjog
Sanjula
Sankara
Sanrevelle
Santiago
Santo
Santosh
Sanyogita
Sanyukta
Sapan
Sapna
Sapphira
Sarah
Sarai
Saraid
Sarasvan
Sarasvati
Sarat
Saravati
Sarea
Saree
Sargent
Sarika
Sarisha
Sarita
Sarkis
Sarmistha
Sarngin
Sarojin
Sarosh
Saru
Saryu
Sashenka
Sashi
Sasthi
Saswata
Satayu
Satinka
Satoko
Satruijt
Satyavati
Satyen
Saudeep
Saul
Saumya
Saunak
Saundarya
Saurabh
Savanna
Savarna
Savita
Savitri
Sawyer
Saxon
Sayer
Sayoko
Scarlet
Schmetterling
Schuyler
Scota
Scott
Scully
Seabert
Sean
Seanna
Searlait
Season
Seaton
Sebastian
Sebastianne
Sebes
Seema
Seff
Sefika
Seif
Seiichi
Sela
Selby
Selena
Selim
Selima
Selma
Semele
Semih
Semine
Semra
Senach
Senajit
Sencer
Senichi
Sennett
Senon
Senta
Septima
Septimus
Seraphim
Seraphina
Serena
Serge
Serilda
Servan
Sesha
Seth
Seung
Sevati
Seve
Severin
Sevilin
Sevita
Seward
Sexburth
Seymour
Sezen
Sezni
Shaila
Shailaja
Shailen
Shailesh
Shaili
Shaina
Shaine
Shakar
Shakira
Shako
Shalabh
Shalin
Shalini
Shalom
Shaman
Shamita
Shammara
Shanata
Shandy
Shane
Shanessa
Shani
Shankar
Shanley
Shannelle
Shannon
Shantah
Shantanu
Shantay
Shantelle
Shantina
Sharad
Sharay
Sharda
Sharif
Sharman
Sharmila
Sharmistha
Sharon
Sharseia
Shashi
Shashwat
Shasmecka
Shaw
Shawmbria
Shawn
Shawnnessy
Shayla
Shayndel
Shea
Sheba
Sheehan
Sheena
Sheetal
Sheila
Shela
Shelah
Shelby
Sheldon
Shelley
Shen
Shepherd
Sheridon
Sherlock
Sherman
Sherwood
Shian
Shigekazu
Shika
Shikha
Shin
Shina
Shing
Shinichi
Shipley
Shira
Shirley
Shishir
Shiv
Shivani
Shobha
Shobhna
Shobi
Shoichi
Shoko
Shoshannah
Shradhdha
Shrey
Shreya
Shri
Shridevi
Shrijani
Shruti
Shubha
Shuichi
Shulamith
Shunichi
Shunnar
Shvetank
Shyam
Shylah
Shysie
Siamak
Sibel
Sibley
Sibongile
Siddel
Siddharth
Siddhi
Sidonia
Sidra
Sienna
Sierra
Sigebryht
Sigfried
Sigmund
Signe
Signild
Sigourney
Sigrid
Siham
Sila
Silas
Sileas
Silei
Siler
Silvester
Silvia
Silvio
Simba
Similien
Simon
Simone
Simoni
Simran
Sinan
Sinclair
Sine
Sinead
Singh
Sinjon
Siran
Sirena
Sirisha
Siroun
Sitara
Sitembile
Siv
Sivan
Skeet
Skipp
Skj&oslash;ld
Sklaer
Skye
Skyla
Skylar
Slade
Slevin
Sloan
Smita
Smith
Smridhi
Smriti
Sn&oslash;frid
Sneh
Sneha
Snehal
Snigdha
Snorre
Snowden
Sobha
Sofronio
Soham
Sol
Solace
Solan
Solana
Solange
Soledad
Soleil
Solita
Solosolo
Solt
Soma
Somatra
Sona
Sonakshi
Sonal
Sonia
Sonika
Sonnagh
Sonnenschein
Soo
Sophie
Sophronia
Sorano
Sorcha
Sorilbran
Soterios
Spalding
Sparrow
Spencer
Spica
Spike
Spring
Sraddha
Sridhar
Srijan
Srikant
Srilata
Srinath
Srinivas
Sripada
Sriram
Srishti
Sruti
Stacey
Stacia
Staffan
Stanislaw
Stanko
Stanley
Stefania
Stein
Stella
Stephen
Sterling
Sterne
Stesha
Stewart
Stockard
Stoke
Stokley
Storm
Stoyan
Strom
Stroud
Studs
Subhadra
Subhaga
Subhangi
Subhuja
Subodh
Suchi
Suchitra
Sudarshan
Sudesha
Sudeva
Sudevi
Sudha
Sudhansu
Sudhir
Sugriva
Sujata
Sukanya
Sukarman
Suki
Suksma
Sukumar
Sukutai
Sulaiman
Sulio
Sullivan
Sully
Suma
Sumadhur
Sumanna
Sumantu
Sumati
Sumehra
Sumey
Sumi
Sumit
Sumitra
Summer
Sumner
Sun
Sundara
Sundeep
Sunil
Sunita
Suniti
Sunny
Suparna
Suprabha
Supriti
Supriya
Sur&aacute;ny
Surabhi
Suravinda
Suresh
Surotama
Suruchi
Surupa
Surya
Susan
Sushanti
Sushma
Sushmita
Susila
Sutherland
Suvarna
Suvrata
Svaty Vavrinec
Svein
Sven
Svetlana
Swagat
Swain
Swapnil
Swarupa
Swati
Sweeny
Sweta
Sydelle
Sydney
Syeira
Syna
Syshe
Sz&oacute;l&aacute;t
Szabolcs
Szal&oacute;k
Szemere
Szerv&aacute;c
Szesc&otilde;
Szev&eacute;r
Szil&aacute;rd
T&eacute;t&eacute;ny
Tab
Tabansi
Tabari
Tabitha
Taborri
Taci
Tacincala
Tacita
Tadako
Tadc
Taddeo
Tadi
Taffy
Tahir
Tahirah
Tahzai
Tai
Tailynn
Taima
Tainn
Taipa
Tajo
Tajsa
Taka
Takai
Takako
Takara
Takiyah
Takoda
Taksa
Taksony
Taku
Tala
Talasi
Talbot
Tale
Taleen
Talia
Talib
Talitha
Tallulah
Talman
Talon
Talorg
Talos
Tam
Tama
Tamali
Tamara
Tambrey
Tamer
Tamiko
Tamir
Tammy
Tamsyn
Tanaka
Tanasha
Tancredo
Tanek
Taner
Tani
Tanicus
Tanner
Tano
Tansy
Tanu
Tanuja
Tanushi
Tanvi
Tanya
Tao
Tapan
Tapanga
Tapesh
Tapi
Tapti
Tara
Tarang
Tarasios
Tarcal
Tardos
Tareva-Chine(shanay)
Tariq
Tarj&aacute;n
Tarkan
Taro
Tarsha
Tarun
Taryn
Tas
Tasha
Tate
Tathal
Tathan
Tatum
Taurin
Taurinus
Tavia
Tavis
Tawnie
Tayce
Tayen
Taylar
Taylor
Teagan
Teague
Tearlach
Tecer
Tee
Tegan
Tehya
Tej
Tejal
Teji
Tekla
Telford
Telo
Tem
Tema
Teman
Temani
Temina
Temira
Tempest
Tenenan
Tennyson
Tercan
Tereixa
Terena
Terence
Terentia
Terhi
Terje
Terra
Terrel
Terro
Terrylyn
Tertia
Tesia
Tess
Tessa
Teulyddog
Tewdwr
Texcean
Tezer
Thabit
Thaddeaus
Thai
Thais
Thalassa
Thalia
Thaman
Than
Thana
Thane
Thanos
Thara
Thatcher
Thea
Thelma
Theobold
Theodora
Theodore
Theodoric
Theone
Theophilus
Thera
Theresa
Theron
Thibaud
Thierry
Thirza
Thisbe
Thistle
Thomas
Thomasa
Thor
Thora
Thoralf
Thorbj&oslash;rn
Thorborg
Thord
Thore
Thorfinn
Thorgeirr
Thorgils
Thorgrim
Thorkell
Thorleifr
Thorne
Thorpe
Thorstein
Thorulffr
Thorvald
Thorvid
Thosa
Thrandr
Thurborn
Thurid
Thurlow
Thurston
Thyra
Thyra
Thyrrni
Tia
Tiara
Tibalt
Tiegan
Tienette
Tiernan
Tierney
Tierra
Tiffany
Tigerlily
Tiham&eacute;r
Tilak
Timandra
Timeus
Timoleon
Timon
Timothea
Timothy
Timur
Tina
Tineka Jawana
Tinh
Tionne
Tiponya
Tirza
Titania
Titian
Titus
Titusz
Tivadar
Tivon
Tivona
Toakase
Tobias
Tobit
Todd
Toker
Tokiko
Tola
Tolena
Tolga
Tomaj
Tome
Tomiko
Tomkin
Tomo
Tona
Tong
Topaz
Toral
Tori
Torin
Tormod
Torrance
Torsten
Tosia
Toste
Tostig
Tove
Tovi
Townsend
Toyo
Tracy
Trahaearn
Tranter
Travis
Treasa
Tremayne
Tremeur
Trent
Trenus
Tresa
Treva
Trevor
Trey
Trifine
Trigve
Trilby
Trilochana
Trina
Trind
Trinity
Tripp
Trisanu
Trishna
Trista
Tristan
Troilus
Troy
Trudy
Truman
Trupti
Trusha
Tryggvi
Tryne
Tryphena
Tucker
Tudfwlch
Tudi
Tudur
Tuesday
Tugdual
Tuhina
Tujan
Tulasi
Tully
Tuncer
Tungyr
Ture
Turiau
Turner
Turpin
Tushar
Tusti
Tuvya
Twain
Twila
Twila
Tyanne
Tydfill
Tye
Tyee
Tyler
Tymon
Tyne
Tyrek
Tyrone
Tyrus
Tyson
Tzuriel
Uba
Ubul
Udaya
Udeh
Udit
Udo
Uehudah
Ufuk
Ugo
Ugod
Ugor
Ugur
Uilleam
Uisdean
Ujjwala
Ula
Uland
Ulani
Ulf
Ulffr
Ulfhildr
Ulla
Ulprus
Ulrich
Ulrika
Ultan
Ultima
Ultreia
Ulucan
Ulysses
Uma
Uma
Umar
Una
Unai
Unaiza
Undine
Unnati
Unni
Upen
Upendra
Upor
Upton
Urania
Urban
Urbana
Uren
Uri
Uriah
Uriana
Uriel
Urien
Urjavaha
Urmila
Uros
Ursanne
Ursula
Urvasi
Usagi
Usamah
Usha
Ushma
Usoa
Uta
Utt
Uttam
Uttanka
Uttara
Uwain
Uxio
Uzor
V&aacute;rkony
V&aacute;zsony
Vachel
Vaclav
Vada
Vadim
Vahe
Vaibhav
Vail
Vairaja
Vaisakhi
Vaishali
Vala
Valborg
Valda
Valencia
Valentin
Valentine
Valeray
Valerie
Valeska
Valgerdr
Valisa
Valonia
Valora
Van
Vance
Vandana
Vandita
Vanessa
Vania
Vaninadh
Vanjan
Vanora
Vanya
Varanese
Varda
Varden
Variya
Varocher
Vars&agrave;ny
Varsha
Varun
Varuni
Vasant
Vasanta
Vasava
Vasavi
Vashti
Vasiliki
Vasilios
Vasu
Vasudev
Vasudhara
Vasuki
Vasuman
Vasumati
Vaughan
Vavrin
Vavrinec
Vayk
Veda
Vedanga
Vedmundr
Veena
Veer
Vega
Velika
Velvet
Vencel
Vendela
Venec
Venetia
Vera
Verena
Verity
Vernon
Veronica
Verrin
Vesna
Vesper
Vesta
Vevay
Vevila
Vevina
Viau
Vibhuti
Victor
Victoria
Vid
Vidonia
Vidor
Vidvan
Vidya
Vienna
Vijay
Vikas
Vikram
Vikrant
Vikriti
Viljalmr
Vimal
Vimala
Vinata
Vinay
Vinaya
Vincent
Vineet
Vinita
Vinod
Vinvella
Violet
Vipin
Vipul
Viraj
Virasana
Virat
Virgil
Virginia
Viridis
Virini
Visala
Visant
Vishal
Visvajit
Visvakarman
Visvayu
Viswanath
Vit&eacute;z
Vita
Vito
Vivatma
Vivek
Viveka
Vivian
Vladilen
Vladimir
Vladislav
Voleta
Volker
Voteporix
Vougay
Vrinda
Wade
Wagner
Wakanda
Wakefield
Walburga
Walchelim
Walden
Waldo
Waleran
Walker
Wallace
Walter
Walton
Waltraud
Waman
Wanda
Waneta
Wapeka
Ward
Warner
Warren
Waseem
Waseme
Washington
Wateka
Watson
Waverly
Wayde
Wayland
Wayne
Webster
Welcome
Wells
Wendell
Wendy
Werner
Wesley
West
Wetherby
Wheaton
Wheeler
Whit
Whitfield
Whitney
Whoopi
Wid
Widjan
Wieslav
Wihtburth
Wihtred
Wilbur
Wilfred
Willa
Willard
William
Willow
Willow
Wilmer
Wilona
Winda
Winema
Winifred
Winog
Winona
Winslow
Winston
Winter
Winthrop
Wolf
Wolfgang
Wolfram
Woodrow
Wren
Wright
Wulfhere
Wulfnoth
Wyatt
Wylie
Wyndam
Wynfl&aelig;d
Wynn
Wyome
Wystan
Xan
Xandy
Xanthe
Xanthus
Xanti
Xaquelina
Xavier
Xaviera
Xenia
Xenobia
Xenos
Xerxes
Xiao
Ximen
Ximena
Xiomara
Xurxo
Xylia
Xylona
Xyza
Yachne
Yadavalli
Yadgiri
Yadon
Yahto
Yakecan
Yakov
Yaksha
Yalamanchi
Yale
Yamini
Yamura
Yan
Yanamandra
Yancy
Yanira
Yanis
Yannick
Yaravi
Yardley
Yarin
Yarlagadda
Yarmilla
Yasar
Yash
Yashodhar
Yashovarman
Yashpal
Yasir
Yasmine
Yasuo
Yateen
Yates
Yauvani
Yavar
Yavatkar
Yavonna
Yayoi
Yazid
Ydel
Yedda
Yegammai
Yehudi
Yejide
Yeliz
Yellepeddy
Yelsangikar
Yeluri
Yemena
Yenene
Yener
Yerik
Yerramilli
Yervant
Yesh
Yeshaya
Yeshonath
Yesmina
Yeva
Yevon
Yigit
Ylwa
Yngvar
Yobachi
Yogendra
Yogesh
Yogi
Yogini
Yogish
Yogita
Yoko
Yolanda
Yomaris
Yoninah
Yooseph
York
Yoshi
Yoshifumi
Yoshiko
Yoshimitsu
Yoshiyuki
Younus
Yovela
Yrsa
Ysgarran
Yudhajit
Yukako
Yukiko
Yukio
Yul
Yuma
Yumako
Yumi
Yumiko
Yuri
Yuriko
Yutaka
Yutsuko
Yves
Yvette
Z&aacute;dor
Z&aacute;gon
Z&aacute;mor
Z&eacute;t&eacute;ny
Zabia
Zabulon
Zaccheo
Zachary
Zada
Zafer
Zagger
Zagros
Zahara
Zahin
Zahra
Zahur
Zaid
Zaida
Zaide
Zaira
Zajzon
Zakai
Zakia
Zal&aacute;n
Zalia
Zalika
Zalman
Zaltana
Zama
Zambda
Zamir
Zan
Zana
Zandra
Zane
Zanebono
Zani
Zaniel
Zanipolo
Zanita
Zankhana
Zann
Zanobi
Zar&aacute;nd
Zara
Zarek
Zaria
Zarina
Zarna
Zayden
Zayit
Zaylin
Zaza
Zazu
Zdenek
Zdenka
Zeanes
Zebedeo
Zebina
Zebulon
Zedekiah
Zee
Zeeba
Zefirino
Zehava
Zeitia
Zek&ouml;
Zeke
Zeki
Zelda
Zelenka
Zelia
Zelig
Zelinda
Zelipe
Zelpha
Zena
Zenaide
Zenia
Zeno
Zenoa
Zenobia
Zenobio
Zenon
Zenos
Zephan
Zephyr
Zera
Zeren
Zerind
Zerlinda
Zero
Zeruah
Zeth
Zethel
Zev
Zeva
Zevida
Zeynep
Zhalore
Zia
Ziahon
Ziazan
Ziff
Zigana
Zila
Zilia
Zillah
Zilli
Zina
Zinaida
Zinnia
Zion
Ziona
Zisel
Zita
Ziv
Ziven
Zizi
Zo&aacute;rd
Zobor
Zoe
Zoello
Zoila
Zoilo
Zola
Zoland
Zoleen
Zolt&aacute;n
Zombor
Zona
Zonda
Zor&aacute;n
Zora
Zorro
Zosima
Zosimo
Zotia
Zotico
Zowie
Zsa Zsa
Zsigmond
Zsolt
Zula
Zuleika
Zulema
Zuriaa
Zuriel
Zurl
Zuza
